// Jest Snapshot v1, https://goo.gl/fbAQLP

exports[`Layout renders children correctly 1`] = `
<div>
  <div>
    <nav
      className="navbar navbar-inverse navbar-fixed-top"
    >
      <div
        className="container-fluid"
      >
        <div
          className="navbar-header"
        >
          <a
            className="navbar-brand"
            href="/"
          >
            NDO
          </a>
          <button
            className="navbar-toggle"
            onClick={[Function]}
            type="button"
          >
            <span
              className="sr-only"
            >
              Toggle navigation
            </span>
            <span
              className="icon-bar"
            />
            <span
              className="icon-bar"
            />
            <span
              className="icon-bar"
            />
          </button>
        </div>
        <div
          aria-expanded={null}
          className="navbar-collapse collapse in"
        >
          <ul
            className="nav navbar-nav"
            role={null}
          >
            <li
              className=""
              role="presentation"
              style={undefined}
            >
              <a
                href="/courses"
                onClick={[Function]}
                onKeyDown={[Function]}
              >
                Courses
              </a>
            </li>
            <li
              className=""
              role="presentation"
              style={undefined}
            >
              <a
                href="/users"
                onClick={[Function]}
                onKeyDown={[Function]}
              >
                Users
              </a>
            </li>
            <li
              className=""
              role="presentation"
              style={undefined}
            >
              <a
                href="/files"
                onClick={[Function]}
                onKeyDown={[Function]}
              >
                Files
              </a>
            </li>
          </ul>
          <ul
            className="nav navbar-nav navbar-right"
            role={null}
          >
            <li
              className=""
              role="presentation"
              style={undefined}
            >
              <a
                href="/login"
                onClick={[Function]}
                onKeyDown={[Function]}
              >
                Log in
              </a>
            </li>
            <li
              className=""
              role="presentation"
              style={undefined}
            >
              <a
                href="/register"
                onClick={[Function]}
                onKeyDown={[Function]}
              >
                Sign up
              </a>
            </li>
          </ul>
        </div>
      </div>
    </nav>
  </div>
  <div
    className="container-fluid"
  >
    <div
      className="row"
    >
      <div
        className="col-sm-3 col-md-2 sidebar"
      />
      <div
        className="col-sm-9 col-sm-offset-3 col-md-10 col-md-offset-2 main"
      >
        <div
          className="child"
        />
        <footer>
          <p>
            Â© 2017, Yet Another Domic.
          </p>
        </footer>
      </div>
    </div>
  </div>
</div>
`;
